<html>
<body>
<pre>
<h1>µVision Build Log</h1>
<h2>Project:</h2>
C:\Users\Jay\SmartVehicle\APP\VehicleUnion.uvproj
Project File Date:  07/02/2016

<h2>Output:</h2>
Build target 'VehicleUnion'
compiling app.c...
app.c(170): warning:  #181-D: argument is incompatible with corresponding format string conversion
app.c(184): warning:  #167-D: argument of type "void (*)(uint8_t)" is incompatible with parameter of type "RecvFunc"
compiling stm32f10x_it.c...
compiling bsp.c...
..\BSP\bsp.c(3): error:  #5: cannot open source input file "wdg.h": No such file or directory
compiling delay.c...
compiling misc.c...
compiling stm32f10x_gpio.c...
compiling stm32f10x_rcc.c...
compiling stm32f10x_usart.c...
compiling stm32f10x_flash.c...
compiling stm32f10x_can.c...
compiling stm32f10x_iwdg.c...
compiling stm32f10x_tim.c...
compiling stm32f10x_i2c.c...
compiling stm32f10x_spi.c...
compiling os_cpu_c.c...
compiling os_dbg.c...
compiling os_core.c...
compiling os_flag.c...
compiling os_mbox.c...
Project build/rebuild aborted.
Target not created
Build target 'VehicleUnion'
compiling app.c...
app.c(170): warning:  #181-D: argument is incompatible with corresponding format string conversion
app.c(184): warning:  #167-D: argument of type "void (*)(uint8_t)" is incompatible with parameter of type "RecvFunc"
compiling stm32f10x_it.c...
compiling bsp.c...
compiling delay.c...
compiling misc.c...
compiling stm32f10x_gpio.c...
compiling stm32f10x_rcc.c...
compiling stm32f10x_usart.c...
compiling stm32f10x_flash.c...
compiling stm32f10x_can.c...
compiling stm32f10x_iwdg.c...
compiling stm32f10x_tim.c...
compiling stm32f10x_i2c.c...
compiling stm32f10x_spi.c...
compiling os_cpu_c.c...
compiling os_dbg.c...
compiling os_core.c...
compiling os_flag.c...
compiling os_mbox.c...
compiling wdg.c...
linking...
..\ObjFlash\VehicleUnion.axf: Error: L6218E: Undefined symbol WWDG_ClearFlag (referred from wdg.o).
..\ObjFlash\VehicleUnion.axf: Error: L6218E: Undefined symbol WWDG_Enable (referred from wdg.o).
..\ObjFlash\VehicleUnion.axf: Error: L6218E: Undefined symbol WWDG_EnableIT (referred from wdg.o).
..\ObjFlash\VehicleUnion.axf: Error: L6218E: Undefined symbol WWDG_SetCounter (referred from wdg.o).
..\ObjFlash\VehicleUnion.axf: Error: L6218E: Undefined symbol WWDG_SetPrescaler (referred from wdg.o).
..\ObjFlash\VehicleUnion.axf: Error: L6218E: Undefined symbol WWDG_SetWindowValue (referred from wdg.o).
Target not created
Build target 'VehicleUnion'
compiling stm32f10x_wwdg.c...
linking...
Program Size: Code=10440 RO-data=452 RW-data=188 ZI-data=12532  
FromELF: creating hex file...
"..\ObjFlash\VehicleUnion.axf" - 0 Error(s), 0 Warning(s).
Load "..\\ObjFlash\\VehicleUnion.AXF" 
Set JLink Project File to "C:\Users\Jay\SmartVehicle\APP\JLinkSettings.ini"
* JLink Info: Device "STM32F103RE" selected (512 KB flash, 64 KB RAM).
 
JLink info:
------------
DLL: V4.54a, compiled Sep 17 2012 15:58:45
Firmware: J-Link ARM-OB STM32 compiled Aug 22 2012 19:52:04
Hardware: V7.00
S/N : 20090928 
Feature(s) : RDI,FlashDL,FlashBP,JFlash,GDBFull 
 
* JLink Info: Found SWD-DP with ID 0x1BA01477
* JLink Info: Found SWD-DP with ID 0x1BA01477
* JLink Info: TPIU fitted.
* JLink Info: ETM fitted.
* JLink Info: FPUnit: 6 code (BP) slots and 2 literal slots
* JLink Info: Found Cortex-M3 r1p1, Little endian.
ROMTableAddr = 0xE00FF003
 
Target info:
------------
Device: STM32F103RE
VTarget = 3.300V
State of Pins: 
TCK: 0, TDI: 0, TDO: 1, TMS: 0, TRES: 1, TRST: 1
Hardware-Breakpoints: 6
Software-Breakpoints: 8192
Watchpoints:          4
JTAG speed: 2000 kHz
 
Erase Done.
Programming Done.
Verify OK.
Application running ...
Build target 'VehicleUnion'
compiling bsp.c...
linking...
Program Size: Code=10440 RO-data=452 RW-data=188 ZI-data=12532  
FromELF: creating hex file...
"..\ObjFlash\VehicleUnion.axf" - 0 Error(s), 0 Warning(s).
Load "..\\ObjFlash\\VehicleUnion.AXF" 
Set JLink Project File to "C:\Users\Jay\SmartVehicle\APP\JLinkSettings.ini"
* JLink Info: Device "STM32F103RE" selected (512 KB flash, 64 KB RAM).
 
JLink info:
------------
DLL: V4.54a, compiled Sep 17 2012 15:58:45
Firmware: J-Link ARM-OB STM32 compiled Aug 22 2012 19:52:04
Hardware: V7.00
S/N : 20090928 
Feature(s) : RDI,FlashDL,FlashBP,JFlash,GDBFull 
 
* JLink Info: Found SWD-DP with ID 0x1BA01477
* JLink Info: Found SWD-DP with ID 0x1BA01477
* JLink Info: TPIU fitted.
* JLink Info: ETM fitted.
* JLink Info: FPUnit: 6 code (BP) slots and 2 literal slots
* JLink Info: Found Cortex-M3 r1p1, Little endian.
ROMTableAddr = 0xE00FF003
 
Target info:
------------
Device: STM32F103RE
VTarget = 3.300V
State of Pins: 
TCK: 0, TDI: 0, TDO: 1, TMS: 0, TRES: 1, TRST: 1
Hardware-Breakpoints: 6
Software-Breakpoints: 8192
Watchpoints:          4
JTAG speed: 2000 kHz
 
Erase Done.
Programming Done.
Verify OK.
Application running ...
Build target 'VehicleUnion'
compiling bsp.c...
linking...
Program Size: Code=10440 RO-data=452 RW-data=188 ZI-data=12532  
FromELF: creating hex file...
"..\ObjFlash\VehicleUnion.axf" - 0 Error(s), 0 Warning(s).
Load "..\\ObjFlash\\VehicleUnion.AXF" 
Set JLink Project File to "C:\Users\Jay\SmartVehicle\APP\JLinkSettings.ini"
* JLink Info: Device "STM32F103RE" selected (512 KB flash, 64 KB RAM).
 
JLink info:
------------
DLL: V4.54a, compiled Sep 17 2012 15:58:45
Firmware: J-Link ARM-OB STM32 compiled Aug 22 2012 19:52:04
Hardware: V7.00
S/N : 20090928 
Feature(s) : RDI,FlashDL,FlashBP,JFlash,GDBFull 
 
* JLink Info: Found SWD-DP with ID 0x1BA01477
* JLink Info: Found SWD-DP with ID 0x1BA01477
* JLink Info: TPIU fitted.
* JLink Info: ETM fitted.
* JLink Info: FPUnit: 6 code (BP) slots and 2 literal slots
* JLink Info: Found Cortex-M3 r1p1, Little endian.
ROMTableAddr = 0xE00FF003
 
Target info:
------------
Device: STM32F103RE
VTarget = 3.300V
State of Pins: 
TCK: 0, TDI: 0, TDO: 1, TMS: 0, TRES: 1, TRST: 1
Hardware-Breakpoints: 6
Software-Breakpoints: 8192
Watchpoints:          4
JTAG speed: 2000 kHz
 
Erase Done.
Programming Done.
Verify OK.
Application running ...
Build target 'VehicleUnion'
compiling bsp.c...
linking...
Program Size: Code=10440 RO-data=452 RW-data=188 ZI-data=12532  
FromELF: creating hex file...
"..\ObjFlash\VehicleUnion.axf" - 0 Error(s), 0 Warning(s).
Load "..\\ObjFlash\\VehicleUnion.AXF" 
Set JLink Project File to "C:\Users\Jay\SmartVehicle\APP\JLinkSettings.ini"
* JLink Info: Device "STM32F103RE" selected (512 KB flash, 64 KB RAM).
 
JLink info:
------------
DLL: V4.54a, compiled Sep 17 2012 15:58:45
Firmware: J-Link ARM-OB STM32 compiled Aug 22 2012 19:52:04
Hardware: V7.00
S/N : 20090928 
Feature(s) : RDI,FlashDL,FlashBP,JFlash,GDBFull 
 
* JLink Info: Found SWD-DP with ID 0x1BA01477
* JLink Info: Found SWD-DP with ID 0x1BA01477
* JLink Info: TPIU fitted.
* JLink Info: ETM fitted.
* JLink Info: FPUnit: 6 code (BP) slots and 2 literal slots
* JLink Info: Found Cortex-M3 r1p1, Little endian.
ROMTableAddr = 0xE00FF003
 
Target info:
------------
Device: STM32F103RE
VTarget = 3.300V
State of Pins: 
TCK: 0, TDI: 0, TDO: 1, TMS: 0, TRES: 1, TRST: 1
Hardware-Breakpoints: 6
Software-Breakpoints: 8192
Watchpoints:          4
JTAG speed: 2000 kHz
 
Erase Done.
Programming Done.
Verify OK.
Application running ...
Build target 'VehicleUnion'
compiling bsp.c...
linking...
Program Size: Code=10440 RO-data=452 RW-data=188 ZI-data=12532  
FromELF: creating hex file...
"..\ObjFlash\VehicleUnion.axf" - 0 Error(s), 0 Warning(s).
Load "..\\ObjFlash\\VehicleUnion.AXF" 
Set JLink Project File to "C:\Users\Jay\SmartVehicle\APP\JLinkSettings.ini"
* JLink Info: Device "STM32F103RE" selected (512 KB flash, 64 KB RAM).
 
JLink info:
------------
DLL: V4.54a, compiled Sep 17 2012 15:58:45
Firmware: J-Link ARM-OB STM32 compiled Aug 22 2012 19:52:04
Hardware: V7.00
S/N : 20090928 
Feature(s) : RDI,FlashDL,FlashBP,JFlash,GDBFull 
 
* JLink Info: Found SWD-DP with ID 0x1BA01477
* JLink Info: Found SWD-DP with ID 0x1BA01477
* JLink Info: TPIU fitted.
* JLink Info: ETM fitted.
* JLink Info: FPUnit: 6 code (BP) slots and 2 literal slots
* JLink Info: Found Cortex-M3 r1p1, Little endian.
ROMTableAddr = 0xE00FF003
 
Target info:
------------
Device: STM32F103RE
VTarget = 3.300V
State of Pins: 
TCK: 0, TDI: 0, TDO: 1, TMS: 0, TRES: 1, TRST: 1
Hardware-Breakpoints: 6
Software-Breakpoints: 8192
Watchpoints:          4
JTAG speed: 2000 kHz
 
Erase Done.
Programming Done.
Verify OK.
Application running ...
Build target 'VehicleUnion'
compiling bsp.c...
linking...
Program Size: Code=10440 RO-data=452 RW-data=188 ZI-data=12532  
FromELF: creating hex file...
"..\ObjFlash\VehicleUnion.axf" - 0 Error(s), 0 Warning(s).
Load "..\\ObjFlash\\VehicleUnion.AXF" 
Set JLink Project File to "C:\Users\Jay\SmartVehicle\APP\JLinkSettings.ini"
* JLink Info: Device "STM32F103RE" selected (512 KB flash, 64 KB RAM).
 
JLink info:
------------
DLL: V4.54a, compiled Sep 17 2012 15:58:45
Firmware: J-Link ARM-OB STM32 compiled Aug 22 2012 19:52:04
Hardware: V7.00
S/N : 20090928 
Feature(s) : RDI,FlashDL,FlashBP,JFlash,GDBFull 
 
* JLink Info: Found SWD-DP with ID 0x1BA01477
* JLink Info: Found SWD-DP with ID 0x1BA01477
* JLink Info: TPIU fitted.
* JLink Info: ETM fitted.
* JLink Info: FPUnit: 6 code (BP) slots and 2 literal slots
* JLink Info: Found Cortex-M3 r1p1, Little endian.
ROMTableAddr = 0xE00FF003
 
Target info:
------------
Device: STM32F103RE
VTarget = 3.300V
State of Pins: 
TCK: 0, TDI: 0, TDO: 1, TMS: 0, TRES: 1, TRST: 1
Hardware-Breakpoints: 6
Software-Breakpoints: 8192
Watchpoints:          4
JTAG speed: 2000 kHz
 
Erase Done.
Programming Done.
Verify OK.
Application running ...
Build target 'VehicleUnion'
linking...
Program Size: Code=10440 RO-data=452 RW-data=188 ZI-data=12532  
FromELF: creating hex file...
"..\ObjFlash\VehicleUnion.axf" - 0 Error(s), 0 Warning(s).
Build target 'VehicleUnion'
compiling app.c...
app.c(113): warning:  #223-D: function "iwdg_feed" declared implicitly
app.c(171): warning:  #181-D: argument is incompatible with corresponding format string conversion
app.c(185): warning:  #167-D: argument of type "void (*)(uint8_t)" is incompatible with parameter of type "RecvFunc"
linking...
Program Size: Code=10448 RO-data=452 RW-data=188 ZI-data=12532  
FromELF: creating hex file...
"..\ObjFlash\VehicleUnion.axf" - 0 Error(s), 3 Warning(s).
Build target 'VehicleUnion'
compiling app.c...
app.c(171): warning:  #181-D: argument is incompatible with corresponding format string conversion
app.c(185): warning:  #167-D: argument of type "void (*)(uint8_t)" is incompatible with parameter of type "RecvFunc"
linking...
Program Size: Code=10448 RO-data=452 RW-data=188 ZI-data=12532  
FromELF: creating hex file...
"..\ObjFlash\VehicleUnion.axf" - 0 Error(s), 2 Warning(s).
Load "..\\ObjFlash\\VehicleUnion.AXF" 
Set JLink Project File to "C:\Users\Jay\SmartVehicle\APP\JLinkSettings.ini"
* JLink Info: Device "STM32F103RE" selected (512 KB flash, 64 KB RAM).
 
JLink info:
------------
DLL: V4.54a, compiled Sep 17 2012 15:58:45
Firmware: J-Link ARM-OB STM32 compiled Aug 22 2012 19:52:04
Hardware: V7.00
S/N : 20090928 
Feature(s) : RDI,FlashDL,FlashBP,JFlash,GDBFull 
 
* JLink Info: Found SWD-DP with ID 0x1BA01477
* JLink Info: Found SWD-DP with ID 0x1BA01477
* JLink Info: TPIU fitted.
* JLink Info: ETM fitted.
* JLink Info: FPUnit: 6 code (BP) slots and 2 literal slots
* JLink Info: Found Cortex-M3 r1p1, Little endian.
ROMTableAddr = 0xE00FF003
 
Target info:
------------
Device: STM32F103RE
VTarget = 3.300V
State of Pins: 
TCK: 0, TDI: 0, TDO: 1, TMS: 0, TRES: 1, TRST: 1
Hardware-Breakpoints: 6
Software-Breakpoints: 8192
Watchpoints:          4
JTAG speed: 2000 kHz
 
Erase Done.
Programming Done.
Verify OK.
Application running ...
Build target 'VehicleUnion'
compiling app.c...
app.c(171): warning:  #181-D: argument is incompatible with corresponding format string conversion
app.c(185): warning:  #167-D: argument of type "void (*)(uint8_t)" is incompatible with parameter of type "RecvFunc"
compiling sim900.c...
linking...
Program Size: Code=10400 RO-data=452 RW-data=188 ZI-data=12532  
FromELF: creating hex file...
"..\ObjFlash\VehicleUnion.axf" - 0 Error(s), 2 Warning(s).
Load "..\\ObjFlash\\VehicleUnion.AXF" 
Set JLink Project File to "C:\Users\Jay\SmartVehicle\APP\JLinkSettings.ini"
* JLink Info: Device "STM32F103RE" selected (512 KB flash, 64 KB RAM).
 
JLink info:
------------
DLL: V4.54a, compiled Sep 17 2012 15:58:45
Firmware: J-Link ARM-OB STM32 compiled Aug 22 2012 19:52:04
Hardware: V7.00
S/N : 20090928 
Feature(s) : RDI,FlashDL,FlashBP,JFlash,GDBFull 
 
* JLink Info: Found SWD-DP with ID 0x1BA01477
* JLink Info: Found SWD-DP with ID 0x1BA01477
* JLink Info: TPIU fitted.
* JLink Info: ETM fitted.
* JLink Info: FPUnit: 6 code (BP) slots and 2 literal slots
* JLink Info: Found Cortex-M3 r1p1, Little endian.
ROMTableAddr = 0xE00FF003
 
Target info:
------------
Device: STM32F103RE
VTarget = 3.300V
State of Pins: 
TCK: 0, TDI: 0, TDO: 1, TMS: 0, TRES: 1, TRST: 1
Hardware-Breakpoints: 6
Software-Breakpoints: 8192
Watchpoints:          4
JTAG speed: 2000 kHz
 
Erase Done.
Programming Done.
Verify OK.
Application running ...
